﻿
> client@0.0.0 build
> vite build

[36mvite v7.2.7 [32mbuilding client environment for production...[36m[39m
transforming...
[32mΓ£ô[39m 20 modules transformed.
node.exe : [31mΓ£ù[39m 
Build failed in 324ms
At line:1 char:1
+ & "C:\Program 
Files\nodejs/node.exe" "C:\Us
ers\HP\AppData\Roaming\npm 
...
+ ~~~~~~~~~~~~~~~~~~~~~~~~~~~
~~~~~~~~~~~~~~~~~~~~~~~~~~~~~
~~~~~~~~~~~~~
    + CategoryInfo           
   : NotSpecified: ([31mΓ£  
  ù[39m Build failed in 3   
 24ms:String) [], RemoteE    
xception
    + FullyQualifiedErrorId  
   : NativeCommandError
 
[31merror during build:
[31mCould not resolve 
"./context/AuthContext" from 
"src/App.jsx"[31m
file: [36mD:/Git_Hub_Repos/c
hat_app/client/src/App.jsx[3
1m
    at getRollupError (file:/
//D:/Git_Hub_Repos/chat_app/c
lient/node_modules/rollup/dis
t/es/shared/parseAst.js:401:4
1)
    at error (file:///D:/Git_
Hub_Repos/chat_app/client/nod
e_modules/rollup/dist/es/shar
ed/parseAst.js:397:42)
    at ModuleLoader.handleInv
alidResolvedId (file:///D:/Gi
t_Hub_Repos/chat_app/client/n
ode_modules/rollup/dist/es/sh
ared/node-entry.js:21590:24)
    at file:///D:/Git_Hub_Rep
os/chat_app/client/node_modul
es/rollup/dist/es/shared/node
-entry.js:21550:26[39m
